Microchip MPLAB XC8 Compiler V1.38 ()

Linker command line:

--edf=C:\Program Files (x86)\Microchip\xc8\v1.38\dat\en_msgs.txt -cs \
  -h+dist/default/production\ClockAssignment.X.production.sym \
  --cmf=dist/default/production\ClockAssignment.X.production.cmf -z \
  -Q16F877A -oC:\Users\u1671692.AD\AppData\Local\Temp\s69g.2 \
  -Mdist/default/production/ClockAssignment.X.production.map -E1 -ver=XC8 \
  -ASTACK=0110h-016fh -pstack=STACK -ACODE=00h-07FFhx4 -ASTRCODE=00h-01FFFh \
  -ASTRING=00h-0FFhx32 -ACONST=00h-0FFhx32 -AENTRY=00h-0FFhx32 \
  -ACOMMON=070h-07Fh -ABANK0=020h-06Fh -ABANK1=0A0h-0EFh \
  -ABANK2=0110h-016Fh -ABANK3=0190h-01EFh \
  -ARAM=020h-06Fh,0A0h-0EFh,0110h-016Fh,0190h-01EFh \
  -AABS1=020h-07Fh,0A0h-0EFh,0110h-016Fh,0190h-01EFh -ASFR0=00h-01Fh \
  -ASFR1=080h-09Fh -ASFR2=0100h-010Fh -ASFR3=0180h-018Fh \
  -preset_vec=00h,intentry=04h,init,end_init -ppowerup=CODE -pcinit=CODE \
  -pfunctab=CODE -ACONFIG=02007h-02007h -pconfig=CONFIG -DCONFIG=2 \
  -AIDLOC=02000h-02003h -pidloc=IDLOC -DIDLOC=2 -AEEDATA=00h-0FFh/02100h \
  -peeprom_data=EEDATA -DEEDATA=2 -DCODE=2 -DSTRCODE=2 -DSTRING=2 -DCONST=2 \
  -DENTRY=2 -k C:\Users\u1671692.AD\AppData\Local\Temp\s69g.obj \
  dist/default/production\ClockAssignment.X.production.obj 

Object code version is 3.11

Machine type is 16F877A



                Name                               Link     Load   Length Selector   Space Scale
C:\Users\u1671692.AD\AppData\Local\Temp\s69g.obj
                end_init                             12       12        3        8       0
                reset_vec                             0        0        3        0       0
dist/default/production\ClockAssignment.X.production.obj
                cinit                                15       15       1D        8       0
                intentry                              4        4        E        8       0
                text41                             1009     1009       42     2012       0
                text40                             1DA1     1DA1       24     3B42       0
                text39                             1CFC     1CFC       14     39F8       0
                text38                             12C9     12C9       9F     2592       0
                text37                             1E48     1E48       3A     3C90       0
                text36                             1368     1368       A1     26D0       0
                text35                             1F4F     1F4F       52     3E9E       0
                text34                             1CDB     1CDB        E     39B6       0
                text33                             1D10     1D10       18     3A20       0
                text32                             1D40     1D40       1D     3A80       0
                text31                             1DC5     1DC5       29     3B8A       0
                text30                             1DEE     1DEE       2A     3BDC       0
                text29                             1FA1     1FA1       5F     3F42       0
                text28                             10AB     10AB       6E     2156       0
                text27                             163B     163B       D3     2C76       0
                text26                              986      986      109     130C       0
                text25                             1D5D     1D5D       21     3ABA       0
                text24                             1119     1119       8E     2232       0
                text23                             104B     104B       60     2096       0
                text22                             1F01     1F01       4E     3E02       0
                text21                             1236     1236       93     246C       0
                text20                             1E18     1E18       30     3C30       0
                text19                              B9A      B9A      1E4     1734       0
                text18                             1409     1409       B8     2812       0
                text17                             1D28     1D28       18     3A50       0
                text16                             14C1     14C1       B9     2982       0
                text15                             1CE9     1CE9       13     39D2       0
                text14                              A8F      A8F      10B     151E       0
                text13                             1001     1001        8     2002       0
                text12                              876      876        8     10EC       0
                text11                             1EC0     1EC0       41     3D80       0
                text10                             1D7E     1D7E       23     3AFC       0
                text9                               D7E      D7E      282     1AFC       0
                text8                              170E     170E       F2     2E1C       0
                text7                               421      421      289        8       0
                text6                               87E      87E      108     10FC       0
                text5                              11A7     11A7       8F     234E       0
                text4                              1E82     1E82       3E     3D04       0
                text3                               7CB      7CB       34        8       0
                text2                              157A     157A       C1     2AF4       0
                text1                               6AA      6AA      121        8       0
                maintext                             32       32      3EF        8       0
                cstackBANK0                          20       20       50       20       1
                cstackCOMMON                         70       70        5       70       1
                cstackBANK1                          A0       A0       26       A0       1
                dataBANK1                            D5       D5        1       A0       1
                bssBANK1                             C6       C6        F       A0       1
                bssCOMMON                            75       75        4       70       1
                strings                             800      800       74     1000       0
                idataBANK1                          7FF      7FF        1        8       0

TOTAL           Name                               Link     Load   Length     Space
        CLASS   STACK          

        CLASS   CODE           
                end_init                             12       12        3         0
                cinit                                15       15       1D         0
                intentry                              4        4        E         0
                reset_vec                             0        0        3         0
                text41                             1009     1009       42         0
                text40                             1DA1     1DA1       24         0
                text39                             1CFC     1CFC       14         0
                text38                             12C9     12C9       9F         0
                text37                             1E48     1E48       3A         0
                text36                             1368     1368       A1         0
                text35                             1F4F     1F4F       52         0
                text34                             1CDB     1CDB        E         0
                text33                             1D10     1D10       18         0
                text32                             1D40     1D40       1D         0
                text31                             1DC5     1DC5       29         0
                text30                             1DEE     1DEE       2A         0
                text29                             1FA1     1FA1       5F         0
                text28                             10AB     10AB       6E         0
                text27                             163B     163B       D3         0
                text26                              986      986      109         0
                text25                             1D5D     1D5D       21         0
                text24                             1119     1119       8E         0
                text23                             104B     104B       60         0
                text22                             1F01     1F01       4E         0
                text21                             1236     1236       93         0
                text20                             1E18     1E18       30         0
                text19                              B9A      B9A      1E4         0
                text18                             1409     1409       B8         0
                text17                             1D28     1D28       18         0
                text16                             14C1     14C1       B9         0
                text15                             1CE9     1CE9       13         0
                text14                              A8F      A8F      10B         0
                text13                             1001     1001        8         0
                text12                              876      876        8         0
                text11                             1EC0     1EC0       41         0
                text10                             1D7E     1D7E       23         0
                text9                               D7E      D7E      282         0
                text8                              170E     170E       F2         0
                text7                               421      421      289         0
                text6                               87E      87E      108         0
                text5                              11A7     11A7       8F         0
                text4                              1E82     1E82       3E         0
                text3                               7CB      7CB       34         0
                text2                              157A     157A       C1         0
                text1                               6AA      6AA      121         0
                maintext                             32       32      3EF         0
                idataBANK1                          7FF      7FF        1         0

        CLASS   STRCODE        

        CLASS   STRING         
                strings                             800      800       74         0

        CLASS   CONST          

        CLASS   ENTRY          

        CLASS   COMMON         
                cstackCOMMON                         70       70        5         1
                bssCOMMON                            75       75        4         1

        CLASS   BANK0          
                cstackBANK0                          20       20       50         1

        CLASS   BANK1          
                cstackBANK1                          A0       A0       26         1
                dataBANK1                            D5       D5        1         1
                bssBANK1                             C6       C6        F         1

        CLASS   BANK2          

        CLASS   BANK3          

        CLASS   RAM            

        CLASS   ABS1           
                abs_s1                               7E       7E        2         1

        CLASS   SFR0           

        CLASS   SFR1           

        CLASS   SFR2           

        CLASS   SFR3           

        CLASS   CONFIG         

        CLASS   IDLOC          

        CLASS   EEDATA         



SEGMENTS        Name                           Load    Length   Top    Selector   Space  Class     Delta

                reset_vec                      000000  000003  000003         0       0  CODE        2
                intentry                       000004  0007FC  000800         8       0  CODE        2
                cstackBANK0                    000020  000050  000070        20       1  BANK0       1
                cstackCOMMON                   000070  000009  000079        70       1  COMMON      1
                cstackBANK1                    0000A0  000036  0000D6        A0       1  BANK1       1
                strings                        000800  000074  000874      1000       0  STRING      2
                text12                         000876  000008  00087E      10EC       0  CODE        2
                text6                          00087E  000108  000986      10FC       0  CODE        2
                text26                         000986  000109  000A8F      130C       0  CODE        2
                text14                         000A8F  00010B  000B9A      151E       0  CODE        2
                text19                         000B9A  0001E4  000D7E      1734       0  CODE        2
                text9                          000D7E  000282  001000      1AFC       0  CODE        2
                text13                         001001  000008  001009      2002       0  CODE        2
                text41                         001009  000042  00104B      2012       0  CODE        2
                text23                         00104B  000060  0010AB      2096       0  CODE        2
                text28                         0010AB  00006E  001119      2156       0  CODE        2
                text24                         001119  00008E  0011A7      2232       0  CODE        2
                text5                          0011A7  00008F  001236      234E       0  CODE        2
                text21                         001236  000093  0012C9      246C       0  CODE        2
                text38                         0012C9  00009F  001368      2592       0  CODE        2
                text36                         001368  0000A1  001409      26D0       0  CODE        2
                text18                         001409  0000B8  0014C1      2812       0  CODE        2
                text16                         0014C1  0000B9  00157A      2982       0  CODE        2
                text2                          00157A  0000C1  00163B      2AF4       0  CODE        2
                text27                         00163B  0000D3  00170E      2C76       0  CODE        2
                text8                          00170E  0000F2  001800      2E1C       0  CODE        2
                text34                         001CDB  00000E  001CE9      39B6       0  CODE        2
                text15                         001CE9  000013  001CFC      39D2       0  CODE        2
                text39                         001CFC  000014  001D10      39F8       0  CODE        2
                text33                         001D10  000018  001D28      3A20       0  CODE        2
                text17                         001D28  000018  001D40      3A50       0  CODE        2
                text32                         001D40  00001D  001D5D      3A80       0  CODE        2
                text25                         001D5D  000021  001D7E      3ABA       0  CODE        2
                text10                         001D7E  000023  001DA1      3AFC       0  CODE        2
                text40                         001DA1  000024  001DC5      3B42       0  CODE        2
                text31                         001DC5  000029  001DEE      3B8A       0  CODE        2
                text30                         001DEE  00002A  001E18      3BDC       0  CODE        2
                text20                         001E18  000030  001E48      3C30       0  CODE        2
                text37                         001E48  00003A  001E82      3C90       0  CODE        2
                text4                          001E82  00003E  001EC0      3D04       0  CODE        2
                text11                         001EC0  000041  001F01      3D80       0  CODE        2
                text22                         001F01  00004E  001F4F      3E02       0  CODE        2
                text35                         001F4F  000052  001FA1      3E9E       0  CODE        2
                text29                         001FA1  00005F  002000      3F42       0  CODE        2


UNUSED ADDRESS RANGES

        Name                Unused          Largest block    Delta
        BANK1            00D6-00EF             1A           1
        BANK2            0110-016F             60           1
        BANK3            0190-01EF             60           1
        CODE             0003-0003              1           2
                         0874-0875              2
                         1000-1000              1
                         1800-1CDA            4DB
        COMMON           0079-007D              5           1
        CONFIG           2007-2007              1           2
        CONST            0003-0003              1           2
                         0874-0875              2
                         1000-1000              1
                         1800-1CDA            100
        EEDATA           2100-21FF            100           2
        ENTRY            0003-0003              1           2
                         0874-0875              2
                         1000-1000              1
                         1800-1CDA            100
        IDLOC            2000-2003              4           2
        RAM              00D6-00EF             1A           1
                         0110-016F             60
                         0190-01EF             60
        SFR0             0000-001F             20           1
        SFR1             0080-009F             20           1
        SFR2             0100-010F             10           1
        SFR3             0180-018F             10           1
        STACK            0110-016F             60           1
        STRCODE          0003-0003              1           2
                         0874-0875              2
                         1000-1000              1
                         1800-1CDA            4DB
        STRING           0003-0003              1           2
                         0874-0875              2
                         1000-1000              1
                         1800-1CDA            100

                                  Symbol Table

?_ADC_read                           cstackBANK0  0020
?___aldiv                            cstackBANK0  0020
?___ftadd                            cstackBANK0  004C
?___ftdiv                            cstackBANK0  002C
?___ftmul                            cstackBANK0  003C
?___ftpack                           cstackBANK0  0020
?___ftsub                            cstackBANK0  0059
?___fttol                            cstackBANK0  0059
?___lldiv                            cstackBANK0  0020
?___llmod                            cstackBANK0  0020
?___lmul                             cstackBANK0  0026
?___lwdiv                            cstackBANK0  0020
?___lwmod                            cstackBANK0  0020
?___lwtoft                           cstackBANK0  0028
?___wmul                             cstackBANK0  0020
?_screenConfigurationMode            cstackBANK0  0030
?_setAlarm                           cstackBANK0  0033
?_setTimeDisplayer                   cstackBANK0  0033
ADC_channel_select@channel           cstackBANK0  0021
ADC_read@result                      cstackBANK0  0023
LCD_clear@counter                    cstackBANK0  0029
LCD_cursor@x                         cstackBANK0  002B
LCD_cursor@y                         cstackBANK0  0029
LCD_display_float@buffer             cstackBANK1  00A6
LCD_display_float@dplaces            cstackBANK1  00A3
LCD_display_float@i                  cstackBANK1  00BE
LCD_display_float@isneg              cstackBANK1  00BA
LCD_display_float@j                  cstackBANK1  00B2
LCD_display_float@offset             cstackBANK1  00BC
LCD_display_float@output             cstackBANK1  00B3
LCD_display_float@pos                cstackBANK1  00BD
LCD_display_float@str_len            cstackBANK1  00BB
LCD_display_float@value              cstackBANK1  00A0
LCD_initialise@counter               cstackBANK0  002B
LCD_putch@c                          cstackBANK0  0029
LCD_putch@counter                    cstackBANK0  002A
LCD_puts@c                           cstackBANK0  0030
LCD_puts@i                           cstackBANK0  002F
LCD_puts@s                           cstackBANK0  002E
LCD_putsc@c                          cstackBANK0  002E
LCD_putsc@i                          cstackBANK0  002D
LCD_putsc@s                          cstackBANK0  002F
LCD_write@RSmask                     cstackBANK0  0026
LCD_write@TRISB_BAK                  cstackBANK0  0023
LCD_write@c                          cstackBANK0  0025
LCD_write@counter                    cstackBANK0  0027
LCD_write@intsON                     cstackBANK0  0022
LCD_write@rs                         cstackBANK0  0020
LCD_write@temp                       cstackBANK0  0024
TMR1Delay@delay                      cstackBANK0  0022
TMR1Delay@x                          cstackBANK0  0023
_ADCON0bits                          (abs)        001F
_ADCON1bits                          (abs)        009F
_ADC_channel_select                  text34       1CDB
_ADC_initialise                      text39       1CFC
_ADC_read                            text33       1D10
_ADRESH                              (abs)        001E
_ADRESL                              (abs)        009E
_GIE                                 (abs)        005F
_INTCON                              (abs)        000B
_INTCONbits                          (abs)        000B
_LCD_clear                           text37       1E48
_LCD_cursor                          text15       1CE9
_LCD_cursor_off                      text13       1001
_LCD_cursor_on                       text12       0876
_LCD_display_float                   text19       0B9A
_LCD_initialise                      text36       1368
_LCD_putch                           text32       1D40
_LCD_puts                            text31       1DC5
_LCD_putsc                           text30       1DEE
_LCD_write                           text38       12C9
_MyISR                               text41       1009
_OPTION_REG                          (abs)        0081
_PIR1bits                            (abs)        000C
_PORTB                               (abs)        0006
_RB5                                 (abs)        0035
_RB7                                 (abs)        0037
_RBIF                                (abs)        0058
_RD0                                 (abs)        0040
_RD1                                 (abs)        0041
_RD2                                 (abs)        0042
_RD3                                 (abs)        0043
_RD4                                 (abs)        0044
_RD6                                 (abs)        0046
_RD7                                 (abs)        0047
_T1CON                               (abs)        0010
_T1CONbits                           (abs)        0010
_TMR0                                (abs)        0001
_TMR1Delay                           text40       1DA1
_TMR1H                               (abs)        000F
_TMR1L                               (abs)        000E
_TRISA                               (abs)        0085
_TRISB                               (abs)        0086
_TRISD                               (abs)        0088
__Habs1                              abs1         0000
__Hbank0                             bank0        0000
__Hbank1                             bank1        0000
__Hbank2                             bank2        0000
__Hbank3                             bank3        0000
__HbssBANK1                          bssBANK1     0000
__HbssCOMMON                         bssCOMMON    0000
__Hcinit                             cinit        0032
__Hclrtext                           clrtext      0000
__Hcode                              code         0000
__Hcommon                            common       0000
__Hconfig                            config       0000
__HcstackBANK0                       cstackBANK0  0000
__HcstackBANK1                       cstackBANK1  0000
__HcstackCOMMON                      cstackCOMMON 0000
__HdataBANK1                         dataBANK1    0000
__Heeprom_data                       eeprom_data  0000
__Hend_init                          end_init     0015
__Hfunctab                           functab      0000
__HidataBANK1                        idataBANK1   0000
__Hidloc                             idloc        0000
__Hinit                              init         0012
__Hintentry                          intentry     0012
__Hmaintext                          maintext     0000
__Hpowerup                           powerup      0000
__Hram                               ram          0000
__Hreset_vec                         reset_vec    0003
__Hsfr0                              sfr0         0000
__Hsfr1                              sfr1         0000
__Hsfr2                              sfr2         0000
__Hsfr3                              sfr3         0000
__Hspace_0                           (abs)        2000
__Hspace_1                           (abs)        00D6
__Hspace_2                           (abs)        0000
__Hspace_3                           (abs)        0000
__Hstack                             stack        0000
__Hstrings                           strings      0000
__Htext                              text         0000
__Labs1                              abs1         0000
__Lbank0                             bank0        0000
__Lbank1                             bank1        0000
__Lbank2                             bank2        0000
__Lbank3                             bank3        0000
__LbssBANK1                          bssBANK1     0000
__LbssCOMMON                         bssCOMMON    0000
__Lcinit                             cinit        0015
__Lclrtext                           clrtext      0000
__Lcode                              code         0000
__Lcommon                            common       0000
__Lconfig                            config       0000
__LcstackBANK0                       cstackBANK0  0000
__LcstackBANK1                       cstackBANK1  0000
__LcstackCOMMON                      cstackCOMMON 0000
__LdataBANK1                         dataBANK1    0000
__Leeprom_data                       eeprom_data  0000
__Lend_init                          end_init     0012
__Lfunctab                           functab      0000
__LidataBANK1                        idataBANK1   0000
__Lidloc                             idloc        0000
__Linit                              init         0012
__Lintentry                          intentry     0004
__Lmaintext                          maintext     0000
__Lpowerup                           powerup      0000
__Lram                               ram          0000
__Lreset_vec                         reset_vec    0000
__Lsfr0                              sfr0         0000
__Lsfr1                              sfr1         0000
__Lsfr2                              sfr2         0000
__Lsfr3                              sfr3         0000
__Lspace_0                           (abs)        0000
__Lspace_1                           (abs)        0000
__Lspace_2                           (abs)        0000
__Lspace_3                           (abs)        0000
__Lstack                             stack        0000
__Lstrings                           strings      0000
__Ltext                              text         0000
__S0                                 (abs)        2000
__S1                                 (abs)        00D6
__S2                                 (abs)        0000
__S3                                 (abs)        0000
___aldiv                             text5        11A7
___aldiv@counter                     cstackBANK0  0029
___aldiv@dividend                    cstackBANK0  0024
___aldiv@divisor                     cstackBANK0  0020
___aldiv@quotient                    cstackBANK0  002B
___aldiv@sign                        cstackBANK0  002A
___ftadd                             text26       0986
___ftadd@exp1                        cstackBANK0  0058
___ftadd@exp2                        cstackBANK0  0057
___ftadd@f1                          cstackBANK0  004C
___ftadd@f2                          cstackBANK0  004F
___ftadd@sign                        cstackBANK0  0056
___ftdiv                             text18       1409
___ftdiv@cntr                        cstackBANK0  0036
___ftdiv@exp                         cstackBANK0  003A
___ftdiv@f1                          cstackBANK0  002F
___ftdiv@f2                          cstackBANK0  002C
___ftdiv@f3                          cstackBANK0  0037
___ftdiv@sign                        cstackBANK0  003B
___ftge                              text29       1FA1
___ftge@ff1                          cstackBANK0  0020
___ftge@ff2                          cstackBANK0  0023
___ftmul                             text27       163B
___ftmul@cntr                        cstackBANK0  004A
___ftmul@exp                         cstackBANK0  0046
___ftmul@f1                          cstackBANK0  003C
___ftmul@f2                          cstackBANK0  003F
___ftmul@f3_as_product               cstackBANK0  0047
___ftmul@sign                        cstackBANK0  004B
___ftpack                            text28       10AB
___ftpack@arg                        cstackBANK0  0020
___ftpack@exp                        cstackBANK0  0023
___ftpack@sign                       cstackBANK0  0024
___ftsub                             text25       1D5D
___ftsub@f1                          cstackBANK0  005C
___ftsub@f2                          cstackBANK0  0059
___fttol                             text24       1119
___fttol@exp1                        cstackBANK0  0066
___fttol@f1                          cstackBANK0  0059
___fttol@lval                        cstackBANK0  0062
___fttol@sign1                       cstackBANK0  0061
___int_sp                            stack        0000
___latbits                           (abs)        0002
___lldiv                             text23       104B
___lldiv@counter                     cstackBANK0  002D
___lldiv@dividend                    cstackBANK0  0024
___lldiv@divisor                     cstackBANK0  0020
___lldiv@quotient                    cstackBANK0  0029
___llmod                             text22       1F01
___llmod@counter                     cstackBANK0  0029
___llmod@dividend                    cstackBANK0  0024
___llmod@divisor                     cstackBANK0  0020
___lmul                              text11       1EC0
___lmul@multiplicand                 cstackBANK0  002A
___lmul@multiplier                   cstackBANK0  0026
___lmul@product                      cstackBANK0  002F
___lwdiv                             text4        1E82
___lwdiv@counter                     cstackBANK0  0025
___lwdiv@dividend                    cstackBANK0  0022
___lwdiv@divisor                     cstackBANK0  0020
___lwdiv@quotient                    cstackBANK0  0026
___lwmod                             text3        07CB
___lwmod@counter                     cstackBANK0  0025
___lwmod@dividend                    cstackBANK0  0022
___lwmod@divisor                     cstackBANK0  0020
___lwtoft                            text17       1D28
___lwtoft@c                          cstackBANK0  0028
___sp                                stack        0000
___wmul                              text10       1D7E
___wmul@multiplicand                 cstackBANK0  0022
___wmul@multiplier                   cstackBANK0  0020
___wmul@product                      cstackBANK0  0024
__end_of_ADC_channel_select          text34       1CE9
__end_of_ADC_initialise              text39       1D10
__end_of_ADC_read                    text33       1D28
__end_of_LCD_clear                   text37       1E82
__end_of_LCD_cursor                  text15       1CFC
__end_of_LCD_cursor_off              text13       1009
__end_of_LCD_cursor_on               text12       087E
__end_of_LCD_display_float           text19       0D7E
__end_of_LCD_initialise              text36       1409
__end_of_LCD_putch                   text32       1D5D
__end_of_LCD_puts                    text31       1DEE
__end_of_LCD_putsc                   text30       1E18
__end_of_LCD_write                   text38       1368
__end_of_MyISR                       text41       104B
__end_of_TMR1Delay                   text40       1DC5
__end_of___aldiv                     text5        1236
__end_of___ftadd                     text26       0A8F
__end_of___ftdiv                     text18       14C1
__end_of___ftge                      text29       2000
__end_of___ftmul                     text27       170E
__end_of___ftpack                    text28       1119
__end_of___ftsub                     text25       1D7E
__end_of___fttol                     text24       11A7
__end_of___lldiv                     text23       10AB
__end_of___llmod                     text22       1F4F
__end_of___lmul                      text11       1F01
__end_of___lwdiv                     text4        1EC0
__end_of___lwmod                     text3        07FF
__end_of___lwtoft                    text17       1D40
__end_of___wmul                      text10       1DA1
__end_of__initialization             cinit        002E
__end_of__stringtab                  strings      0806
__end_of_config                      text35       1FA1
__end_of_humidityReader              text16       157A
__end_of_ltoa                        text20       1E48
__end_of_main                        maintext     0421
__end_of_screenConfigurationMode     text14       0B9A
__end_of_setAlarm                    text9        1000
__end_of_setTemperatureUnit          text8        1800
__end_of_setTimeDisplayer            text7        06AA
__end_of_temperatureReader           text6        0986
__end_of_ultoa                       text21       12C9
__end_of_updateSetAlarm              text2        163B
__end_of_updateTimeDisplayed         text1        07CB
__initialization                     cinit        0015
__pbssBANK1                          bssBANK1     00C6
__pbssCOMMON                         bssCOMMON    0075
__pcstackBANK0                       cstackBANK0  0020
__pcstackBANK1                       cstackBANK1  00A0
__pcstackCOMMON                      cstackCOMMON 0070
__pdataBANK1                         dataBANK1    00D5
__pidataBANK1                        idataBANK1   07FF
__pintentry                          intentry     0004
__pmaintext                          maintext     0032
__pstrings                           strings      0800
__ptext1                             text1        06AA
__ptext10                            text10       1D7E
__ptext11                            text11       1EC0
__ptext12                            text12       0876
__ptext13                            text13       1001
__ptext14                            text14       0A8F
__ptext15                            text15       1CE9
__ptext16                            text16       14C1
__ptext17                            text17       1D28
__ptext18                            text18       1409
__ptext19                            text19       0B9A
__ptext2                             text2        157A
__ptext20                            text20       1E18
__ptext21                            text21       1236
__ptext22                            text22       1F01
__ptext23                            text23       104B
__ptext24                            text24       1119
__ptext25                            text25       1D5D
__ptext26                            text26       0986
__ptext27                            text27       163B
__ptext28                            text28       10AB
__ptext29                            text29       1FA1
__ptext3                             text3        07CB
__ptext30                            text30       1DEE
__ptext31                            text31       1DC5
__ptext32                            text32       1D40
__ptext33                            text33       1D10
__ptext34                            text34       1CDB
__ptext35                            text35       1F4F
__ptext36                            text36       1368
__ptext37                            text37       1E48
__ptext38                            text38       12C9
__ptext39                            text39       1CFC
__ptext4                             text4        1E82
__ptext40                            text40       1DA1
__ptext41                            text41       1009
__ptext5                             text5        11A7
__ptext6                             text6        087E
__ptext7                             text7        0421
__ptext8                             text8        170E
__ptext9                             text9        0D7E
__size_of_ADC_channel_select         (abs)        0000
__size_of_ADC_initialise             (abs)        0000
__size_of_ADC_read                   (abs)        0000
__size_of_LCD_clear                  (abs)        0000
__size_of_LCD_cursor                 (abs)        0000
__size_of_LCD_cursor_off             (abs)        0000
__size_of_LCD_cursor_on              (abs)        0000
__size_of_LCD_display_float          (abs)        0000
__size_of_LCD_initialise             (abs)        0000
__size_of_LCD_putch                  (abs)        0000
__size_of_LCD_puts                   (abs)        0000
__size_of_LCD_putsc                  (abs)        0000
__size_of_LCD_write                  (abs)        0000
__size_of_MyISR                      (abs)        0000
__size_of_TMR1Delay                  (abs)        0000
__size_of___aldiv                    (abs)        0000
__size_of___ftadd                    (abs)        0000
__size_of___ftdiv                    (abs)        0000
__size_of___ftge                     (abs)        0000
__size_of___ftmul                    (abs)        0000
__size_of___ftpack                   (abs)        0000
__size_of___ftsub                    (abs)        0000
__size_of___fttol                    (abs)        0000
__size_of___lldiv                    (abs)        0000
__size_of___llmod                    (abs)        0000
__size_of___lmul                     (abs)        0000
__size_of___lwdiv                    (abs)        0000
__size_of___lwmod                    (abs)        0000
__size_of___lwtoft                   (abs)        0000
__size_of___wmul                     (abs)        0000
__size_of_config                     (abs)        0000
__size_of_humidityReader             (abs)        0000
__size_of_ltoa                       (abs)        0000
__size_of_main                       (abs)        0000
__size_of_screenConfigurationMode    (abs)        0000
__size_of_setAlarm                   (abs)        0000
__size_of_setTemperatureUnit         (abs)        0000
__size_of_setTimeDisplayer           (abs)        0000
__size_of_temperatureReader          (abs)        0000
__size_of_ultoa                      (abs)        0000
__size_of_updateSetAlarm             (abs)        0000
__size_of_updateTimeDisplayed        (abs)        0000
__stringbase                         strings      0805
__stringtab                          strings      0800
_alarmActivator                      bssBANK1     00D1
_alarmTime                           bssBANK1     00C6
_buzzer                              bssBANK1     00D2
_config                              text35       1F4F
_configuration_Options               bssBANK1     00CE
_humidityReader                      text16       14C1
_ltoa                                text20       1E18
_main                                maintext     0032
_overflowInt                         bssCOMMON    0077
_screenConfigurationMode             text14       0A8F
_selectMode                          bssBANK1     00D3
_setAlarm                            text9        0D7E
_setAlarm$1075                       cstackBANK0  003F
_setTemperatureUnit                  text8        170E
_setTimeDisplayer                    text7        0421
_setTimeDisplayer$1074               cstackBANK0  003F
_snoozeActivator                     bssBANK1     00D4
_temperature                         dataBANK1    00D5
_temperatureMenu                     bssCOMMON    0075
_temperatureReader                   text6        087E
_time                                bssBANK1     00CA
_timeRepeated                        bssCOMMON    0078
_ultoa                               text21       1236
_updateSetAlarm                      text2        157A
_updateTimeDisplayed                 text1        06AA
btemp                                (abs)        007E
end_of_initialization                cinit        002E
humidityReader@Humidity              cstackBANK1  00BF
interrupt_function                   intentry     0004
intlevel0                            functab      0000
intlevel1                            functab      0000
intlevel2                            functab      0000
intlevel3                            functab      0000
intlevel4                            functab      0000
intlevel5                            functab      0000
ltemp                                (abs)        007E
ltemp0                               (abs)        007E
ltemp1                               (abs)        0082
ltemp2                               (abs)        0086
ltemp3                               (abs)        0080
ltoa@base                            cstackBANK0  006B
ltoa@buf                             cstackBANK0  006F
ltoa@cp                              cstackBANK0  006E
ltoa@val                             cstackBANK0  0067
main@i                               cstackBANK1  00C4
reset_vec                            reset_vec    0000
saved_w                              (abs)        007E
screenConfigurationMode@a            cstackBANK0  0038
screenConfigurationMode@b            cstackBANK0  0036
screenConfigurationMode@c            cstackBANK0  0034
setAlarm@first_Hour_Digit            cstackBANK0  0044
setAlarm@first_Minute_Digit          cstackBANK0  0041
setAlarm@pushbutton                  cstackBANK0  0045
setAlarm@second_Hour_Digit           cstackBANK0  0043
setAlarm@second_Minute_Digit         cstackBANK0  0042
setAlarm@variable_Value              cstackBANK0  0047
setTemperatureUnit@a                 cstackBANK0  0036
setTemperatureUnit@b                 cstackBANK0  0034
setTemperatureUnit@c                 cstackBANK0  0032
setTimeDisplayer@first_Hour_Digit    cstackBANK0  0044
setTimeDisplayer@first_Minute_Digit  cstackBANK0  0041
setTimeDisplayer@push_Button         cstackBANK0  0045
setTimeDisplayer@second_Hour_Digit   cstackBANK0  0043
setTimeDisplayer@second_Minute_Digit cstackBANK0  0042
setTimeDisplayer@variable_Value      cstackBANK0  0047
stackhi                              (abs)        0000
stacklo                              (abs)        0000
start                                init         0012
start_initialization                 cinit        0015
temperatureReader@TemperatureT       cstackBANK1  00C0
ttemp                                (abs)        007E
ttemp0                               (abs)        007E
ttemp1                               (abs)        0081
ttemp2                               (abs)        0084
ttemp3                               (abs)        0087
ttemp4                               (abs)        007F
ultoa@base                           cstackBANK0  0032
ultoa@buf                            cstackBANK0  003A
ultoa@c                              cstackBANK0  0039
ultoa@v                              cstackBANK0  0035
ultoa@val                            cstackBANK0  002E
updateSetAlarm@elapsed_time          cstackBANK0  002F
updateSetAlarm@hours                 cstackBANK0  003D
updateSetAlarm@hoursVariable3        cstackBANK0  0038
updateSetAlarm@hoursVariable4        cstackBANK0  0037
updateSetAlarm@minVariable1          cstackBANK0  003A
updateSetAlarm@minVariable2          cstackBANK0  0039
updateSetAlarm@minutes               cstackBANK0  003B
updateSetAlarm@remainder             cstackBANK0  0035
updateTimeDisplayed@backHourDigit    cstackBANK0  0039
updateTimeDisplayed@backMinuteDigit  cstackBANK0  0037
updateTimeDisplayed@backSecondDigit  cstackBANK0  0035
updateTimeDisplayed@elapsed_time     cstackBANK0  002F
updateTimeDisplayed@frontHourDigit   cstackBANK0  003A
updateTimeDisplayed@frontMinuteDigit cstackBANK0  0038
updateTimeDisplayed@frontSecondDigit cstackBANK0  0036
updateTimeDisplayed@hours            cstackBANK0  003D
updateTimeDisplayed@minutes          cstackBANK0  003F
updateTimeDisplayed@remainder        cstackBANK0  0041
updateTimeDisplayed@seconds          cstackBANK0  003B
wtemp                                (abs)        007E
wtemp0                               (abs)        007E
wtemp1                               (abs)        0080
wtemp2                               (abs)        0082
wtemp3                               (abs)        0084
wtemp4                               (abs)        0086
wtemp5                               (abs)        0088
wtemp6                               (abs)        007F


FUNCTION INFORMATION:

 *************** function _main *****************
 Defined at:
		line 16 in file "mainDigitalClock.c"
 Parameters:    Size  Location     Type
		None
 Auto vars:     Size  Location     Type
  i               2   36[BANK1 ] int 
 Return value:  Size  Location     Type
                  1    wreg      void 
 Registers used:
		wreg, fsr0l, fsr0h, status,2, status,0, btemp+1, pclath, cstack
 Tracked objects:
		On entry : 
		On exit  : 
		Unchanged: 
 Data sizes:     COMMON   BANK0   BANK1   BANK3   BANK2
      Params:         0       0       0       0       0
      Locals:         0       0       2       0       0
      Temps:          0       0       1       0       0
      Totals:         0       0       3       0       0
Total ram usage:        3 bytes
 Hardware stack levels required when called:    6
 This function calls:
		_LCD_clear
		_LCD_cursor
		_LCD_putsc
		_TMR1Delay
		_config
		_humidityReader
		_screenConfigurationMode
		_setAlarm
		_setTemperatureUnit
		_setTimeDisplayer
		_temperatureReader
		_updateSetAlarm
		_updateTimeDisplayed
 This function is called by:
		Startup code after reset
 This function uses a non-reentrant model


 *************** function _updateTimeDisplayed *****************
 Defined at:
		line 12 in file "timeUpdate.c"
 Parameters:    Size  Location     Type
  elapsed_time    4   15[BANK0 ] long 
 Auto vars:     Size  Location     Type
  remainder       2   33[BANK0 ] unsigned int 
  minutes         2   31[BANK0 ] unsigned int 
  hours           2   29[BANK0 ] unsigned int 
  seconds         2   27[BANK0 ] unsigned int 
  frontHourDig    1   26[BANK0 ] unsigned char 
  backHourDigi    1   25[BANK0 ] unsigned char 
  frontMinuteD    1   24[BANK0 ] unsigned char 
  backMinuteDi    1   23[BANK0 ] unsigned char 
  frontSecondD    1   22[BANK0 ] unsigned char 
  backSecondDi    1   21[BANK0 ] unsigned char 
 Return value:  Size  Location     Type
                  1    wreg      void 
 Registers used:
		wreg, status,2, status,0, pclath, cstack
 Tracked objects:
		On entry : 
		On exit  : 
		Unchanged: 
 Data sizes:     COMMON   BANK0   BANK1   BANK3   BANK2
      Params:         0       4       0       0       0
      Locals:         0      14       0       0       0
      Temps:          0       2       0       0       0
      Totals:         0      20       0       0       0
Total ram usage:       20 bytes
 Hardware stack levels used:    1
 Hardware stack levels required when called:    3
 This function calls:
		_LCD_putch
		___aldiv
		___lwdiv
		___lwmod
		___wmul
 This function is called by:
		_main
 This function uses a non-reentrant model


 *************** function _updateSetAlarm *****************
 Defined at:
		line 17 in file "alarmUpdate.c"
 Parameters:    Size  Location     Type
  elapsed_time    4   15[BANK0 ] long 
 Auto vars:     Size  Location     Type
  hours           2   29[BANK0 ] unsigned int 
  minutes         2   27[BANK0 ] unsigned int 
  remainder       2   21[BANK0 ] unsigned int 
  minVariable1    1   26[BANK0 ] unsigned char 
  minVariable2    1   25[BANK0 ] unsigned char 
  hoursVariabl    1   24[BANK0 ] unsigned char 
  hoursVariabl    1   23[BANK0 ] unsigned char 
 Return value:  Size  Location     Type
                  1    wreg      void 
 Registers used:
		wreg, status,2, status,0, pclath, cstack
 Tracked objects:
		On entry : 
		On exit  : 
		Unchanged: 
 Data sizes:     COMMON   BANK0   BANK1   BANK3   BANK2
      Params:         0       4       0       0       0
      Locals:         0      10       0       0       0
      Temps:          0       2       0       0       0
      Totals:         0      16       0       0       0
Total ram usage:       16 bytes
 Hardware stack levels used:    1
 Hardware stack levels required when called:    3
 This function calls:
		_LCD_putch
		___aldiv
		___lwdiv
		___lwmod
		___wmul
 This function is called by:
		_main
 This function uses a non-reentrant model


 *************** function ___lwmod *****************
 Defined at:
		line 6 in file "C:\Program Files (x86)\Microchip\xc8\v1.38\sources\common\lwmod.c"
 Parameters:    Size  Location     Type
  divisor         2    0[BANK0 ] unsigned int 
  dividend        2    2[BANK0 ] unsigned int 
 Auto vars:     Size  Location     Type
  counter         1    5[BANK0 ] unsigned char 
 Return value:  Size  Location     Type
                  2    0[BANK0 ] unsigned int 
 Registers used:
		wreg, status,2, status,0
 Tracked objects:
		On entry : 
		On exit  : 
		Unchanged: 
 Data sizes:     COMMON   BANK0   BANK1   BANK3   BANK2
      Params:         0       4       0       0       0
      Locals:         0       1       0       0       0
      Temps:          0       1       0       0       0
      Totals:         0       6       0       0       0
Total ram usage:        6 bytes
 Hardware stack levels used:    1
 Hardware stack levels required when called:    1
 This function calls:
		Nothing
 This function is called by:
		_updateTimeDisplayed
		_updateSetAlarm
 This function uses a non-reentrant model


 *************** function ___lwdiv *****************
 Defined at:
		line 6 in file "C:\Program Files (x86)\Microchip\xc8\v1.38\sources\common\lwdiv.c"
 Parameters:    Size  Location     Type
  divisor         2    0[BANK0 ] unsigned int 
  dividend        2    2[BANK0 ] unsigned int 
 Auto vars:     Size  Location     Type
  quotient        2    6[BANK0 ] unsigned int 
  counter         1    5[BANK0 ] unsigned char 
 Return value:  Size  Location     Type
                  2    0[BANK0 ] unsigned int 
 Registers used:
		wreg, status,2, status,0
 Tracked objects:
		On entry : 
		On exit  : 
		Unchanged: 
 Data sizes:     COMMON   BANK0   BANK1   BANK3   BANK2
      Params:         0       4       0       0       0
      Locals:         0       3       0       0       0
      Temps:          0       1       0       0       0
      Totals:         0       8       0       0       0
Total ram usage:        8 bytes
 Hardware stack levels used:    1
 Hardware stack levels required when called:    1
 This function calls:
		Nothing
 This function is called by:
		_updateTimeDisplayed
		_updateSetAlarm
 This function uses a non-reentrant model


 *************** function ___aldiv *****************
 Defined at:
		line 6 in file "C:\Program Files (x86)\Microchip\xc8\v1.38\sources\common\aldiv.c"
 Parameters:    Size  Location     Type
  divisor         4    0[BANK0 ] long 
  dividend        4    4[BANK0 ] long 
 Auto vars:     Size  Location     Type
  quotient        4   11[BANK0 ] long 
  sign            1   10[BANK0 ] unsigned char 
  counter         1    9[BANK0 ] unsigned char 
 Return value:  Size  Location     Type
                  4    0[BANK0 ] long 
 Registers used:
		wreg, status,2, status,0
 Tracked objects:
		On entry : 
		On exit  : 
		Unchanged: 
 Data sizes:     COMMON   BANK0   BANK1   BANK3   BANK2
      Params:         0       8       0       0       0
      Locals:         0       6       0       0       0
      Temps:          0       1       0       0       0
      Totals:         0      15       0       0       0
Total ram usage:       15 bytes
 Hardware stack levels used:    1
 Hardware stack levels required when called:    1
 This function calls:
		Nothing
 This function is called by:
		_updateTimeDisplayed
		_updateSetAlarm
 This function uses a non-reentrant model


 *************** function _temperatureReader *****************
 Defined at:
		line 12 in file "tempReader.c"
 Parameters:    Size  Location     Type
		None
 Auto vars:     Size  Location     Type
  TemperatureT    3   32[BANK1 ] float 
 Return value:  Size  Location     Type
                  1    wreg      void 
 Registers used:
		wreg, fsr0l, fsr0h, status,2, status,0, pclath, cstack
 Tracked objects:
		On entry : 
		On exit  : 
		Unchanged: 
 Data sizes:     COMMON   BANK0   BANK1   BANK3   BANK2
      Params:         0       0       0       0       0
      Locals:         0       0       3       0       0
      Temps:          0       0       1       0       0
      Totals:         0       0       4       0       0
Total ram usage:        4 bytes
 Hardware stack levels used:    1
 Hardware stack levels required when called:    5
 This function calls:
		_ADC_channel_select
		_ADC_read
		_LCD_display_float
		_LCD_putch
		_LCD_putsc
		___ftadd
		___ftdiv
		___ftmul
		___fttol
		___lwtoft
 This function is called by:
		_main
 This function uses a non-reentrant model


 *************** function _setTimeDisplayer *****************
 Defined at:
		line 12 in file "timeSettings.c"
 Parameters:    Size  Location     Type
		None
 Auto vars:     Size  Location     Type
  variable_Val    2   39[BANK0 ] int 
  push_Button     2   37[BANK0 ] int 
  first_Hour_D    1   36[BANK0 ] unsigned char 
  second_Hour_    1   35[BANK0 ] unsigned char 
  second_Minut    1   34[BANK0 ] unsigned char 
  first_Minute    1   33[BANK0 ] unsigned char 
 Return value:  Size  Location     Type
                  4   19[BANK0 ] long 
 Registers used:
		wreg, fsr0l, fsr0h, status,2, status,0, btemp+1, pclath, cstack
 Tracked objects:
		On entry : 
		On exit  : 
		Unchanged: 
 Data sizes:     COMMON   BANK0   BANK1   BANK3   BANK2
      Params:         0       4       0       0       0
      Locals:         0      10       0       0       0
      Temps:          0       8       0       0       0
      Totals:         0      22       0       0       0
Total ram usage:       22 bytes
 Hardware stack levels used:    1
 Hardware stack levels required when called:    4
 This function calls:
		_LCD_clear
		_LCD_cursor
		_LCD_cursor_off
		_LCD_cursor_on
		_LCD_putch
		_LCD_putsc
		___lmul
		___wmul
 This function is called by:
		_main
 This function uses a non-reentrant model


 *************** function _setTemperatureUnit *****************
 Defined at:
		line 12 in file "tempSettings.c"
 Parameters:    Size  Location     Type
		None
 Auto vars:     Size  Location     Type
  a               2   22[BANK0 ] unsigned int 
  b               2   20[BANK0 ] unsigned int 
  c               2   18[BANK0 ] unsigned int 
 Return value:  Size  Location     Type
                  1    wreg      unsigned char 
 Registers used:
		wreg, fsr0l, fsr0h, status,2, status,0, pclath, cstack
 Tracked objects:
		On entry : 
		On exit  : 
		Unchanged: 
 Data sizes:     COMMON   BANK0   BANK1   BANK3   BANK2
      Params:         0       0       0       0       0
      Locals:         0       6       0       0       0
      Temps:          0       2       0       0       0
      Totals:         0       8       0       0       0
Total ram usage:        8 bytes
 Hardware stack levels used:    1
 Hardware stack levels required when called:    4
 This function calls:
		_LCD_clear
		_LCD_cursor
		_LCD_putch
		_LCD_putsc
 This function is called by:
		_main
 This function uses a non-reentrant model


 *************** function _setAlarm *****************
 Defined at:
		line 18 in file "alarmSettings.c"
 Parameters:    Size  Location     Type
		None
 Auto vars:     Size  Location     Type
  variable_Val    2   39[BANK0 ] int 
  pushbutton      2   37[BANK0 ] int 
  first_Hour_D    1   36[BANK0 ] unsigned char 
  second_Hour_    1   35[BANK0 ] unsigned char 
  second_Minut    1   34[BANK0 ] unsigned char 
  first_Minute    1   33[BANK0 ] unsigned char 
 Return value:  Size  Location     Type
                  4   19[BANK0 ] long 
 Registers used:
		wreg, fsr0l, fsr0h, status,2, status,0, btemp+1, pclath, cstack
 Tracked objects:
		On entry : 
		On exit  : 
		Unchanged: 
 Data sizes:     COMMON   BANK0   BANK1   BANK3   BANK2
      Params:         0       4       0       0       0
      Locals:         0      10       0       0       0
      Temps:          0       8       0       0       0
      Totals:         0      22       0       0       0
Total ram usage:       22 bytes
 Hardware stack levels used:    1
 Hardware stack levels required when called:    4
 This function calls:
		_LCD_clear
		_LCD_cursor
		_LCD_cursor_off
		_LCD_cursor_on
		_LCD_putch
		_LCD_putsc
		___lmul
		___wmul
 This function is called by:
		_main
 This function uses a non-reentrant model


 *************** function ___wmul *****************
 Defined at:
		line 15 in file "C:\Program Files (x86)\Microchip\xc8\v1.38\sources\common\Umul16.c"
 Parameters:    Size  Location     Type
  multiplier      2    0[BANK0 ] unsigned int 
  multiplicand    2    2[BANK0 ] unsigned int 
 Auto vars:     Size  Location     Type
  product         2    4[BANK0 ] unsigned int 
 Return value:  Size  Location     Type
                  2    0[BANK0 ] unsigned int 
 Registers used:
		wreg, status,2, status,0
 Tracked objects:
		On entry : 
		On exit  : 
		Unchanged: 
 Data sizes:     COMMON   BANK0   BANK1   BANK3   BANK2
      Params:         0       4       0       0       0
      Locals:         0       2       0       0       0
      Temps:          0       0       0       0       0
      Totals:         0       6       0       0       0
Total ram usage:        6 bytes
 Hardware stack levels used:    1
 Hardware stack levels required when called:    1
 This function calls:
		Nothing
 This function is called by:
		_setTimeDisplayer
		_setAlarm
		_updateTimeDisplayed
		_updateSetAlarm
 This function uses a non-reentrant model


 *************** function ___lmul *****************
 Defined at:
		line 15 in file "C:\Program Files (x86)\Microchip\xc8\v1.38\sources\common\Umul32.c"
 Parameters:    Size  Location     Type
  multiplier      4    6[BANK0 ] unsigned long 
  multiplicand    4   10[BANK0 ] unsigned long 
 Auto vars:     Size  Location     Type
  product         4   15[BANK0 ] unsigned long 
 Return value:  Size  Location     Type
                  4    6[BANK0 ] unsigned long 
 Registers used:
		wreg, status,2, status,0
 Tracked objects:
		On entry : 
		On exit  : 
		Unchanged: 
 Data sizes:     COMMON   BANK0   BANK1   BANK3   BANK2
      Params:         0       8       0       0       0
      Locals:         0       4       0       0       0
      Temps:          0       1       0       0       0
      Totals:         0      13       0       0       0
Total ram usage:       13 bytes
 Hardware stack levels used:    1
 Hardware stack levels required when called:    1
 This function calls:
		Nothing
 This function is called by:
		_setTimeDisplayer
		_setAlarm
 This function uses a non-reentrant model


 *************** function _LCD_cursor_on *****************
 Defined at:
		line 179 in file "LCDdrive.c"
 Parameters:    Size  Location     Type
		None
 Auto vars:     Size  Location     Type
		None
 Return value:  Size  Location     Type
                  1    wreg      void 
 Registers used:
		wreg, status,2, status,0, pclath, cstack
 Tracked objects:
		On entry : 
		On exit  : 
		Unchanged: 
 Data sizes:     COMMON   BANK0   BANK1   BANK3   BANK2
      Params:         0       0       0       0       0
      Locals:         0       0       0       0       0
      Temps:          0       0       0       0       0
      Totals:         0       0       0       0       0
Total ram usage:        0 bytes
 Hardware stack levels used:    1
 Hardware stack levels required when called:    2
 This function calls:
		_LCD_write
 This function is called by:
		_setTimeDisplayer
		_setAlarm
 This function uses a non-reentrant model


 *************** function _LCD_cursor_off *****************
 Defined at:
		line 184 in file "LCDdrive.c"
 Parameters:    Size  Location     Type
		None
 Auto vars:     Size  Location     Type
		None
 Return value:  Size  Location     Type
                  1    wreg      void 
 Registers used:
		wreg, status,2, status,0, pclath, cstack
 Tracked objects:
		On entry : 
		On exit  : 
		Unchanged: 
 Data sizes:     COMMON   BANK0   BANK1   BANK3   BANK2
      Params:         0       0       0       0       0
      Locals:         0       0       0       0       0
      Temps:          0       0       0       0       0
      Totals:         0       0       0       0       0
Total ram usage:        0 bytes
 Hardware stack levels used:    1
 Hardware stack levels required when called:    2
 This function calls:
		_LCD_write
 This function is called by:
		_setTimeDisplayer
		_setAlarm
 This function uses a non-reentrant model


 *************** function _screenConfigurationMode *****************
 Defined at:
		line 17 in file "screenConfigMode.c"
 Parameters:    Size  Location     Type
		None
 Auto vars:     Size  Location     Type
  a               2   24[BANK0 ] unsigned int 
  b               2   22[BANK0 ] unsigned int 
  c               2   20[BANK0 ] unsigned int 
 Return value:  Size  Location     Type
                  2   16[BANK0 ] unsigned int 
 Registers used:
		wreg, fsr0l, fsr0h, status,2, status,0, pclath, cstack
 Tracked objects:
		On entry : 
		On exit  : 
		Unchanged: 
 Data sizes:     COMMON   BANK0   BANK1   BANK3   BANK2
      Params:         0       2       0       0       0
      Locals:         0       6       0       0       0
      Temps:          0       2       0       0       0
      Totals:         0      10       0       0       0
Total ram usage:       10 bytes
 Hardware stack levels used:    1
 Hardware stack levels required when called:    4
 This function calls:
		_LCD_clear
		_LCD_cursor
		_LCD_putch
		_LCD_putsc
 This function is called by:
		_main
 This function uses a non-reentrant model


 *************** function _LCD_cursor *****************
 Defined at:
		line 163 in file "LCDdrive.c"
 Parameters:    Size  Location     Type
  x               1    wreg     unsigned char 
  y               1    9[BANK0 ] unsigned char 
 Auto vars:     Size  Location     Type
  x               1   11[BANK0 ] unsigned char 
 Return value:  Size  Location     Type
                  1    wreg      void 
 Registers used:
		wreg, status,2, status,0, pclath, cstack
 Tracked objects:
		On entry : 
		On exit  : 
		Unchanged: 
 Data sizes:     COMMON   BANK0   BANK1   BANK3   BANK2
      Params:         0       1       0       0       0
      Locals:         0       1       0       0       0
      Temps:          0       1       0       0       0
      Totals:         0       3       0       0       0
Total ram usage:        3 bytes
 Hardware stack levels used:    1
 Hardware stack levels required when called:    2
 This function calls:
		_LCD_write
 This function is called by:
		_screenConfigurationMode
		_setTimeDisplayer
		_setAlarm
		_setTemperatureUnit
		_main
 This function uses a non-reentrant model


 *************** function _humidityReader *****************
 Defined at:
		line 12 in file "humidityReader.c"
 Parameters:    Size  Location     Type
		None
 Auto vars:     Size  Location     Type
  Humidity        3   31[BANK1 ] float 
 Return value:  Size  Location     Type
                  1    wreg      void 
 Registers used:
		wreg, fsr0l, fsr0h, status,2, status,0, pclath, cstack
 Tracked objects:
		On entry : 
		On exit  : 
		Unchanged: 
 Data sizes:     COMMON   BANK0   BANK1   BANK3   BANK2
      Params:         0       0       0       0       0
      Locals:         0       0       3       0       0
      Temps:          0       0       0       0       0
      Totals:         0       0       3       0       0
Total ram usage:        3 bytes
 Hardware stack levels used:    1
 Hardware stack levels required when called:    5
 This function calls:
		_ADC_channel_select
		_ADC_read
		_LCD_display_float
		_LCD_putch
		___ftadd
		___ftdiv
		___ftmul
		___lwtoft
 This function is called by:
		_main
 This function uses a non-reentrant model


 *************** function ___lwtoft *****************
 Defined at:
		line 28 in file "C:\Program Files (x86)\Microchip\xc8\v1.38\sources\common\lwtoft.c"
 Parameters:    Size  Location     Type
  c               2    8[BANK0 ] unsigned int 
 Auto vars:     Size  Location     Type
		None
 Return value:  Size  Location     Type
                  3    8[BANK0 ] float 
 Registers used:
		wreg, status,2, status,0, pclath, cstack
 Tracked objects:
		On entry : 
		On exit  : 
		Unchanged: 
 Data sizes:     COMMON   BANK0   BANK1   BANK3   BANK2
      Params:         0       3       0       0       0
      Locals:         0       0       0       0       0
      Temps:          0       1       0       0       0
      Totals:         0       4       0       0       0
Total ram usage:        4 bytes
 Hardware stack levels used:    1
 Hardware stack levels required when called:    2
 This function calls:
		___ftpack
 This function is called by:
		_humidityReader
		_temperatureReader
 This function uses a non-reentrant model


 *************** function ___ftdiv *****************
 Defined at:
		line 56 in file "C:\Program Files (x86)\Microchip\xc8\v1.38\sources\common\ftdiv.c"
 Parameters:    Size  Location     Type
  f2              3   12[BANK0 ] float 
  f1              3   15[BANK0 ] float 
 Auto vars:     Size  Location     Type
  f3              3   23[BANK0 ] float 
  sign            1   27[BANK0 ] unsigned char 
  exp             1   26[BANK0 ] unsigned char 
  cntr            1   22[BANK0 ] unsigned char 
 Return value:  Size  Location     Type
                  3   12[BANK0 ] float 
 Registers used:
		wreg, status,2, status,0, pclath, cstack
 Tracked objects:
		On entry : 
		On exit  : 
		Unchanged: 
 Data sizes:     COMMON   BANK0   BANK1   BANK3   BANK2
      Params:         0       6       0       0       0
      Locals:         0       6       0       0       0
      Temps:          0       4       0       0       0
      Totals:         0      16       0       0       0
Total ram usage:       16 bytes
 Hardware stack levels used:    1
 Hardware stack levels required when called:    2
 This function calls:
		___ftpack
 This function is called by:
		_humidityReader
		_temperatureReader
 This function uses a non-reentrant model


 *************** function _LCD_display_float *****************
 Defined at:
		line 198 in file "LCDdrive.c"
 Parameters:    Size  Location     Type
  value           3    0[BANK1 ] float 
  dplaces         1    3[BANK1 ] unsigned char 
 Auto vars:     Size  Location     Type
  buffer         12    6[BANK1 ] unsigned char [12]
  output          7   19[BANK1 ] unsigned char [7]
  i               1   30[BANK1 ] unsigned char 
  pos             1   29[BANK1 ] unsigned char 
  offset          1   28[BANK1 ] char 
  str_len         1   27[BANK1 ] unsigned char 
  isneg           1   26[BANK1 ] unsigned char 
  j               1   18[BANK1 ] unsigned char 
 Return value:  Size  Location     Type
                  1    wreg      void 
 Registers used:
		wreg, fsr0l, fsr0h, status,2, status,0, pclath, cstack
 Tracked objects:
		On entry : 
		On exit  : 
		Unchanged: 
 Data sizes:     COMMON   BANK0   BANK1   BANK3   BANK2
      Params:         0       0       4       0       0
      Locals:         0       0      25       0       0
      Temps:          0       0       2       0       0
      Totals:         0       0      31       0       0
Total ram usage:       31 bytes
 Hardware stack levels used:    1
 Hardware stack levels required when called:    4
 This function calls:
		_LCD_puts
		_LCD_putsc
		___ftadd
		___ftge
		___ftmul
		___ftsub
		___fttol
		_ltoa
 This function is called by:
		_humidityReader
		_temperatureReader
 This function uses a non-reentrant model


 *************** function _ltoa *****************
 Defined at:
		line 7 in file "C:\Program Files (x86)\Microchip\xc8\v1.38\sources\common\ltoa.c"
 Parameters:    Size  Location     Type
  buf             1    wreg     PTR unsigned char 
		 -> LCD_display_float@buffer(12), LCD_display_value@buffer(12), 
  val             4   71[BANK0 ] long 
  base            2   75[BANK0 ] int 
 Auto vars:     Size  Location     Type
  buf             1   79[BANK0 ] PTR unsigned char 
		 -> LCD_display_float@buffer(12), LCD_display_value@buffer(12), 
  cp              1   78[BANK0 ] PTR unsigned char 
		 -> LCD_display_float@buffer(12), LCD_display_value@buffer(12), 
 Return value:  Size  Location     Type
                  1    wreg      PTR unsigned char 
 Registers used:
		wreg, fsr0l, fsr0h, status,2, status,0, pclath, cstack
 Tracked objects:
		On entry : 
		On exit  : 
		Unchanged: 
 Data sizes:     COMMON   BANK0   BANK1   BANK3   BANK2
      Params:         0       6       0       0       0
      Locals:         0       2       0       0       0
      Temps:          0       1       0       0       0
      Totals:         0       9       0       0       0
Total ram usage:        9 bytes
 Hardware stack levels used:    1
 Hardware stack levels required when called:    3
 This function calls:
		_ultoa
 This function is called by:
		_LCD_display_float
		_LCD_display_value
 This function uses a non-reentrant model


 *************** function _ultoa *****************
 Defined at:
		line 32 in file "C:\Program Files (x86)\Microchip\xc8\v1.38\sources\common\ltoa.c"
 Parameters:    Size  Location     Type
  buf             1    wreg     PTR unsigned char 
		 -> LCD_display_float@buffer(12), LCD_display_value@buffer(12), 
  val             4   14[BANK0 ] unsigned long 
  base            2   18[BANK0 ] int 
 Auto vars:     Size  Location     Type
  buf             1   26[BANK0 ] PTR unsigned char 
		 -> LCD_display_float@buffer(12), LCD_display_value@buffer(12), 
  v               4   21[BANK0 ] unsigned long 
  c               1   25[BANK0 ] unsigned char 
 Return value:  Size  Location     Type
                  1    wreg      PTR unsigned char 
 Registers used:
		wreg, fsr0l, fsr0h, status,2, status,0, pclath, cstack
 Tracked objects:
		On entry : 
		On exit  : 
		Unchanged: 
 Data sizes:     COMMON   BANK0   BANK1   BANK3   BANK2
      Params:         0       6       0       0       0
      Locals:         0       6       0       0       0
      Temps:          0       1       0       0       0
      Totals:         0      13       0       0       0
Total ram usage:       13 bytes
 Hardware stack levels used:    1
 Hardware stack levels required when called:    2
 This function calls:
		___lldiv
		___llmod
 This function is called by:
		_ltoa
 This function uses a non-reentrant model


 *************** function ___llmod *****************
 Defined at:
		line 6 in file "C:\Program Files (x86)\Microchip\xc8\v1.38\sources\common\llmod.c"
 Parameters:    Size  Location     Type
  divisor         4    0[BANK0 ] unsigned long 
  dividend        4    4[BANK0 ] unsigned long 
 Auto vars:     Size  Location     Type
  counter         1    9[BANK0 ] unsigned char 
 Return value:  Size  Location     Type
                  4    0[BANK0 ] unsigned long 
 Registers used:
		wreg, status,2, status,0
 Tracked objects:
		On entry : 
		On exit  : 
		Unchanged: 
 Data sizes:     COMMON   BANK0   BANK1   BANK3   BANK2
      Params:         0       8       0       0       0
      Locals:         0       1       0       0       0
      Temps:          0       1       0       0       0
      Totals:         0      10       0       0       0
Total ram usage:       10 bytes
 Hardware stack levels used:    1
 Hardware stack levels required when called:    1
 This function calls:
		Nothing
 This function is called by:
		_ultoa
 This function uses a non-reentrant model


 *************** function ___lldiv *****************
 Defined at:
		line 6 in file "C:\Program Files (x86)\Microchip\xc8\v1.38\sources\common\lldiv.c"
 Parameters:    Size  Location     Type
  divisor         4    0[BANK0 ] unsigned long 
  dividend        4    4[BANK0 ] unsigned long 
 Auto vars:     Size  Location     Type
  quotient        4    9[BANK0 ] unsigned long 
  counter         1   13[BANK0 ] unsigned char 
 Return value:  Size  Location     Type
                  4    0[BANK0 ] unsigned long 
 Registers used:
		wreg, status,2, status,0
 Tracked objects:
		On entry : 
		On exit  : 
		Unchanged: 
 Data sizes:     COMMON   BANK0   BANK1   BANK3   BANK2
      Params:         0       8       0       0       0
      Locals:         0       5       0       0       0
      Temps:          0       1       0       0       0
      Totals:         0      14       0       0       0
Total ram usage:       14 bytes
 Hardware stack levels used:    1
 Hardware stack levels required when called:    1
 This function calls:
		Nothing
 This function is called by:
		_ultoa
 This function uses a non-reentrant model


 *************** function ___fttol *****************
 Defined at:
		line 44 in file "C:\Program Files (x86)\Microchip\xc8\v1.38\sources\common\fttol.c"
 Parameters:    Size  Location     Type
  f1              3   57[BANK0 ] float 
 Auto vars:     Size  Location     Type
  lval            4   66[BANK0 ] unsigned long 
  exp1            1   70[BANK0 ] unsigned char 
  sign1           1   65[BANK0 ] unsigned char 
 Return value:  Size  Location     Type
                  4   57[BANK0 ] long 
 Registers used:
		wreg, status,2, status,0
 Tracked objects:
		On entry : 
		On exit  : 
		Unchanged: 
 Data sizes:     COMMON   BANK0   BANK1   BANK3   BANK2
      Params:         0       4       0       0       0
      Locals:         0       6       0       0       0
      Temps:          0       4       0       0       0
      Totals:         0      14       0       0       0
Total ram usage:       14 bytes
 Hardware stack levels used:    1
 Hardware stack levels required when called:    1
 This function calls:
		Nothing
 This function is called by:
		_LCD_display_float
		_temperatureReader
 This function uses a non-reentrant model


 *************** function ___ftsub *****************
 Defined at:
		line 18 in file "C:\Program Files (x86)\Microchip\xc8\v1.38\sources\common\ftsub.c"
 Parameters:    Size  Location     Type
  f2              3   57[BANK0 ] float 
  f1              3   60[BANK0 ] float 
 Auto vars:     Size  Location     Type
		None
 Return value:  Size  Location     Type
                  3   57[BANK0 ] float 
 Registers used:
		wreg, status,2, status,0, pclath, cstack
 Tracked objects:
		On entry : 
		On exit  : 
		Unchanged: 
 Data sizes:     COMMON   BANK0   BANK1   BANK3   BANK2
      Params:         0       6       0       0       0
      Locals:         0       0       0       0       0
      Temps:          0       0       0       0       0
      Totals:         0       6       0       0       0
Total ram usage:        6 bytes
 Hardware stack levels used:    1
 Hardware stack levels required when called:    3
 This function calls:
		___ftadd
 This function is called by:
		_LCD_display_float
 This function uses a non-reentrant model


 *************** function ___ftadd *****************
 Defined at:
		line 86 in file "C:\Program Files (x86)\Microchip\xc8\v1.38\sources\common\ftadd.c"
 Parameters:    Size  Location     Type
  f1              3   44[BANK0 ] float 
  f2              3   47[BANK0 ] float 
 Auto vars:     Size  Location     Type
  exp1            1   56[BANK0 ] unsigned char 
  exp2            1   55[BANK0 ] unsigned char 
  sign            1   54[BANK0 ] unsigned char 
 Return value:  Size  Location     Type
                  3   44[BANK0 ] float 
 Registers used:
		wreg, status,2, status,0, pclath, cstack
 Tracked objects:
		On entry : 
		On exit  : 
		Unchanged: 
 Data sizes:     COMMON   BANK0   BANK1   BANK3   BANK2
      Params:         0       6       0       0       0
      Locals:         0       3       0       0       0
      Temps:          0       4       0       0       0
      Totals:         0      13       0       0       0
Total ram usage:       13 bytes
 Hardware stack levels used:    1
 Hardware stack levels required when called:    2
 This function calls:
		___ftpack
 This function is called by:
		_LCD_display_float
		_humidityReader
		_temperatureReader
		___ftsub
 This function uses a non-reentrant model


 *************** function ___ftmul *****************
 Defined at:
		line 62 in file "C:\Program Files (x86)\Microchip\xc8\v1.38\sources\common\ftmul.c"
 Parameters:    Size  Location     Type
  f1              3   28[BANK0 ] float 
  f2              3   31[BANK0 ] float 
 Auto vars:     Size  Location     Type
  f3_as_produc    3   39[BANK0 ] unsigned um
  sign            1   43[BANK0 ] unsigned char 
  cntr            1   42[BANK0 ] unsigned char 
  exp             1   38[BANK0 ] unsigned char 
 Return value:  Size  Location     Type
                  3   28[BANK0 ] float 
 Registers used:
		wreg, status,2, status,0, pclath, cstack
 Tracked objects:
		On entry : 
		On exit  : 
		Unchanged: 
 Data sizes:     COMMON   BANK0   BANK1   BANK3   BANK2
[...]
		None
 Return value:  Size  Location     Type
		None               void
 Registers used:
		wreg, status,2, status,0
 Tracked objects:
		On entry : 
		On exit  : 
		Unchanged: 
 Data sizes:     COMMON   BANK0   BANK1   BANK3   BANK2
      Params:         0       6       0       0       0
      Locals:         0       0       0       0       0
      Temps:          0       6       0       0       0
      Totals:         0      12       0       0       0
Total ram usage:       12 bytes
 Hardware stack levels used:    1
 Hardware stack levels required when called:    1
 This function calls:
		Nothing
 This function is called by:
		_LCD_display_float
 This function uses a non-reentrant model


 *************** function _LCD_putsc *****************
 Defined at:
		line 151 in file "LCDdrive.c"
 Parameters:    Size  Location     Type
  s               1    wreg     PTR const unsigned char 
		 -> STR_19(5), STR_18(8), STR_17(8), STR_16(8), 
		 -> STR_15(7), STR_14(7), STR_13(6), STR_12(8), 
		 -> STR_11(7), STR_10(6), STR_9(10), STR_8(6), 
		 -> STR_7(9), STR_6(11), STR_5(11), STR_4(10), 
		 -> STR_3(10), STR_2(9), ROM(8192), STR_1(4), 
 Auto vars:     Size  Location     Type
  s               1   15[BANK0 ] PTR const unsigned char 
		 -> STR_19(5), STR_18(8), STR_17(8), STR_16(8), 
		 -> STR_15(7), STR_14(7), STR_13(6), STR_12(8), 
		 -> STR_11(7), STR_10(6), STR_9(10), STR_8(6), 
		 -> STR_7(9), STR_6(11), STR_5(11), STR_4(10), 
		 -> STR_3(10), STR_2(9), ROM(8192), STR_1(4), 
  c               1   14[BANK0 ] unsigned char 
  i               1   13[BANK0 ] unsigned char 
 Return value:  Size  Location     Type
                  1    wreg      void 
 Registers used:
		wreg, fsr0l, fsr0h, status,2, status,0, pclath, cstack
 Tracked objects:
		On entry : 
		On exit  : 
		Unchanged: 
 Data sizes:     COMMON   BANK0   BANK1   BANK3   BANK2
      Params:         0       0       0       0       0
      Locals:         0       3       0       0       0
      Temps:          0       1       0       0       0
      Totals:         0       4       0       0       0
Total ram usage:        4 bytes
 Hardware stack levels used:    1
 Hardware stack levels required when called:    3
 This function calls:
		_LCD_putch
 This function is called by:
		_LCD_display_float
		_screenConfigurationMode
		_setTimeDisplayer
		_setAlarm
		_setTemperatureUnit
		_main
		_temperatureReader
 This function uses a non-reentrant model


 *************** function _LCD_puts *****************
 Defined at:
		line 138 in file "LCDdrive.c"
 Parameters:    Size  Location     Type
  s               1    wreg     PTR unsigned char 
		 -> LCD_display_float@output(7), LCD_display_value@buffer(12), 
 Auto vars:     Size  Location     Type
  s               1   14[BANK0 ] PTR unsigned char 
		 -> LCD_display_float@output(7), LCD_display_value@buffer(12), 
  c               1   16[BANK0 ] unsigned char 
  i               1   15[BANK0 ] unsigned char 
 Return value:  Size  Location     Type
                  1    wreg      void 
 Registers used:
		wreg, fsr0l, fsr0h, status,2, status,0, pclath, cstack
 Tracked objects:
		On entry : 
		On exit  : 
		Unchanged: 
 Data sizes:     COMMON   BANK0   BANK1   BANK3   BANK2
      Params:         0       0       0       0       0
      Locals:         0       3       0       0       0
      Temps:          0       2       0       0       0
      Totals:         0       5       0       0       0
Total ram usage:        5 bytes
 Hardware stack levels used:    1
 Hardware stack levels required when called:    3
 This function calls:
		_LCD_putch
 This function is called by:
		_LCD_display_float
		_LCD_display_value
 This function uses a non-reentrant model


 *************** function _LCD_putch *****************
 Defined at:
		line 120 in file "LCDdrive.c"
 Parameters:    Size  Location     Type
  c               1    wreg     unsigned char 
 Auto vars:     Size  Location     Type
  c               1    9[BANK0 ] unsigned char 
  counter         2   10[BANK0 ] unsigned int 
 Return value:  Size  Location     Type
                  1    wreg      void 
 Registers used:
		wreg, status,2, status,0, pclath, cstack
 Tracked objects:
		On entry : 
		On exit  : 
		Unchanged: 
 Data sizes:     COMMON   BANK0   BANK1   BANK3   BANK2
      Params:         0       0       0       0       0
      Locals:         0       3       0       0       0
      Temps:          0       0       0       0       0
      Totals:         0       3       0       0       0
Total ram usage:        3 bytes
 Hardware stack levels used:    1
 Hardware stack levels required when called:    2
 This function calls:
		_LCD_write
 This function is called by:
		_LCD_puts
		_LCD_putsc
		_humidityReader
		_screenConfigurationMode
		_setTimeDisplayer
		_setAlarm
		_setTemperatureUnit
		_updateTimeDisplayed
		_updateSetAlarm
		_temperatureReader
 This function uses a non-reentrant model


 *************** function _ADC_read *****************
 Defined at:
		line 27 in file "ADClib.c"
 Parameters:    Size  Location     Type
		None
 Auto vars:     Size  Location     Type
  result          2    3[BANK0 ] unsigned int 
 Return value:  Size  Location     Type
                  2    0[BANK0 ] unsigned int 
 Registers used:
		wreg
 Tracked objects:
		On entry : 
		On exit  : 
		Unchanged: 
 Data sizes:     COMMON   BANK0   BANK1   BANK3   BANK2
      Params:         0       2       0       0       0
      Locals:         0       2       0       0       0
      Temps:          0       1       0       0       0
      Totals:         0       5       0       0       0
Total ram usage:        5 bytes
 Hardware stack levels used:    1
 Hardware stack levels required when called:    1
 This function calls:
		Nothing
 This function is called by:
		_humidityReader
		_temperatureReader
 This function uses a non-reentrant model


 *************** function _ADC_channel_select *****************
 Defined at:
		line 41 in file "ADClib.c"
 Parameters:    Size  Location     Type
  channel         1    wreg     unsigned char 
 Auto vars:     Size  Location     Type
  channel         1    1[BANK0 ] unsigned char 
 Return value:  Size  Location     Type
                  1    wreg      void 
 Registers used:
		wreg, status,2, status,0
 Tracked objects:
		On entry : 
		On exit  : 
		Unchanged: 
 Data sizes:     COMMON   BANK0   BANK1   BANK3   BANK2
      Params:         0       0       0       0       0
      Locals:         0       1       0       0       0
      Temps:          0       1       0       0       0
      Totals:         0       2       0       0       0
Total ram usage:        2 bytes
 Hardware stack levels used:    1
 Hardware stack levels required when called:    1
 This function calls:
		Nothing
 This function is called by:
		_humidityReader
		_temperatureReader
 This function uses a non-reentrant model


 *************** function _config *****************
 Defined at:
		line 18 in file "config.c"
 Parameters:    Size  Location     Type
		None
 Auto vars:     Size  Location     Type
		None
 Return value:  Size  Location     Type
                  1    wreg      void 
 Registers used:
		wreg, status,2, status,0, pclath, cstack
 Tracked objects:
		On entry : 
		On exit  : 
		Unchanged: 
 Data sizes:     COMMON   BANK0   BANK1   BANK3   BANK2
      Params:         0       0       0       0       0
      Locals:         0       0       0       0       0
      Temps:          0       1       0       0       0
      Totals:         0       1       0       0       0
Total ram usage:        1 bytes
 Hardware stack levels used:    1
 Hardware stack levels required when called:    4
 This function calls:
		_ADC_initialise
		_LCD_initialise
 This function is called by:
		_main
 This function uses a non-reentrant model


 *************** function _LCD_initialise *****************
 Defined at:
		line 36 in file "LCDdrive.c"
 Parameters:    Size  Location     Type
		None
 Auto vars:     Size  Location     Type
  counter         2   11[BANK0 ] unsigned int 
 Return value:  Size  Location     Type
                  1    wreg      void 
 Registers used:
		wreg, status,2, status,0, pclath, cstack
 Tracked objects:
		On entry : 
		On exit  : 
		Unchanged: 
 Data sizes:     COMMON   BANK0   BANK1   BANK3   BANK2
      Params:         0       0       0       0       0
      Locals:         0       2       0       0       0
      Temps:          0       0       0       0       0
      Totals:         0       2       0       0       0
Total ram usage:        2 bytes
 Hardware stack levels used:    1
 Hardware stack levels required when called:    3
 This function calls:
		_LCD_clear
		_LCD_write
 This function is called by:
		_config
 This function uses a non-reentrant model


 *************** function _LCD_clear *****************
 Defined at:
		line 128 in file "LCDdrive.c"
 Parameters:    Size  Location     Type
		None
 Auto vars:     Size  Location     Type
  counter         2    9[BANK0 ] unsigned int 
 Return value:  Size  Location     Type
                  1    wreg      void 
 Registers used:
		wreg, status,2, status,0, pclath, cstack
 Tracked objects:
		On entry : 
		On exit  : 
		Unchanged: 
 Data sizes:     COMMON   BANK0   BANK1   BANK3   BANK2
      Params:         0       0       0       0       0
      Locals:         0       2       0       0       0
      Temps:          0       0       0       0       0
      Totals:         0       2       0       0       0
Total ram usage:        2 bytes
 Hardware stack levels used:    1
 Hardware stack levels required when called:    2
 This function calls:
		_LCD_write
 This function is called by:
		_LCD_initialise
		_screenConfigurationMode
		_setTimeDisplayer
		_setAlarm
		_setTemperatureUnit
		_main
 This function uses a non-reentrant model


 *************** function _LCD_write *****************
 Defined at:
		line 66 in file "LCDdrive.c"
 Parameters:    Size  Location     Type
  c               1    wreg     unsigned char 
  rs              1    0[BANK0 ] unsigned char 
 Auto vars:     Size  Location     Type
  c               1    5[BANK0 ] unsigned char 
  counter         2    7[BANK0 ] unsigned int 
  RSmask          1    6[BANK0 ] unsigned char 
  temp            1    4[BANK0 ] unsigned char 
  TRISB_BAK       1    3[BANK0 ] unsigned char 
  intsON          1    2[BANK0 ] unsigned char 
  INTCON_BAK      1    0        unsigned char 
 Return value:  Size  Location     Type
                  1    wreg      void 
 Registers used:
		wreg, status,2, status,0
 Tracked objects:
		On entry : 
		On exit  : 
		Unchanged: 
 Data sizes:     COMMON   BANK0   BANK1   BANK3   BANK2
      Params:         0       1       0       0       0
      Locals:         0       7       0       0       0
      Temps:          0       1       0       0       0
      Totals:         0       9       0       0       0
Total ram usage:        9 bytes
 Hardware stack levels used:    1
 Hardware stack levels required when called:    1
 This function calls:
		Nothing
 This function is called by:
		_LCD_initialise
		_LCD_putch
		_LCD_clear
		_LCD_cursor
		_LCD_cursor_on
		_LCD_cursor_off
 This function uses a non-reentrant model


 *************** function _ADC_initialise *****************
 Defined at:
		line 12 in file "ADClib.c"
 Parameters:    Size  Location     Type
		None
 Auto vars:     Size  Location     Type
		None
 Return value:  Size  Location     Type
                  1    wreg      void 
 Registers used:
		wreg, status,2, status,0
 Tracked objects:
		On entry : 
		On exit  : 
		Unchanged: 
 Data sizes:     COMMON   BANK0   BANK1   BANK3   BANK2
      Params:         0       0       0       0       0
      Locals:         0       0       0       0       0
      Temps:          0       0       0       0       0
      Totals:         0       0       0       0       0
Total ram usage:        0 bytes
 Hardware stack levels used:    1
 Hardware stack levels required when called:    1
 This function calls:
		Nothing
 This function is called by:
		_config
 This function uses a non-reentrant model


 *************** function _TMR1Delay *****************
 Defined at:
		line 11 in file "TMR1Delay.c"
 Parameters:    Size  Location     Type
  delay           1    wreg     unsigned char 
 Auto vars:     Size  Location     Type
  delay           1    2[BANK0 ] unsigned char 
  x               2    3[BANK0 ] unsigned int 
 Return value:  Size  Location     Type
                  1    wreg      void 
 Registers used:
		wreg, status,2, status,0
 Tracked objects:
		On entry : 
		On exit  : 
		Unchanged: 
 Data sizes:     COMMON   BANK0   BANK1   BANK3   BANK2
      Params:         0       0       0       0       0
      Locals:         0       3       0       0       0
      Temps:          0       2       0       0       0
      Totals:         0       5       0       0       0
Total ram usage:        5 bytes
 Hardware stack levels used:    1
 Hardware stack levels required when called:    1
 This function calls:
		Nothing
 This function is called by:
		_main
 This function uses a non-reentrant model


 *************** function _MyISR *****************
 Defined at:
		line 11 in file "interruptMyISR.c"
 Parameters:    Size  Location     Type
		None
 Auto vars:     Size  Location     Type
		None
 Return value:  Size  Location     Type
                  1    wreg      void 
 Registers used:
		wreg, status,2, status,0
 Tracked objects:
		On entry : 
		On exit  : 
		Unchanged: 
 Data sizes:     COMMON   BANK0   BANK1   BANK3   BANK2
      Params:         0       0       0       0       0
      Locals:         0       0       0       0       0
      Temps:          5       0       0       0       0
      Totals:         5       0       0       0       0
Total ram usage:        5 bytes
 Hardware stack levels used:    1
 This function calls:
		Nothing
 This function is called by:
		Interrupt level 1
 This function uses a non-reentrant model



MODULE INFORMATION

Module		Function		Class		Link	Load	Size
C:\Program Files (x86)\Microchip\xc8\v1.38\sources\common\ftsub.c
		___ftsub       		CODE           	1D5D	0000	34

C:\Program Files (x86)\Microchip\xc8\v1.38\sources\common\ftsub.c estimated size: 34

C:\Program Files (x86)\Microchip\xc8\v1.38\sources\common\float.c
		___ftpack      		CODE           	10AB	0000	111

C:\Program Files (x86)\Microchip\xc8\v1.38\sources\common\float.c estimated size: 111

C:\Program Files (x86)\Microchip\xc8\v1.38\sources\common\lwmod.c
		___lwmod       		CODE           	07CB	0000	53

C:\Program Files (x86)\Microchip\xc8\v1.38\sources\common\lwmod.c estimated size: 53

alarmSettings.c
		_setAlarm      		CODE           	0D7E	0000	643

alarmSettings.c estimated size: 643

timeUpdate.c
		_updateTimeDisplayed		CODE           	06AA	0000	290

timeUpdate.c estimated size: 290

ADClib.c
		_ADC_read      		CODE           	1D10	0000	25
		_ADC_channel_select		CODE           	1CDB	0000	15
		_ADC_initialise		CODE           	1CFC	0000	21

ADClib.c estimated size: 61

tempSettings.c
		_setTemperatureUnit		CODE           	170E	0000	243

tempSettings.c estimated size: 243

C:\Program Files (x86)\Microchip\xc8\v1.38\sources\common\llmod.c
		___llmod       		CODE           	1F01	0000	79

C:\Program Files (x86)\Microchip\xc8\v1.38\sources\common\llmod.c estimated size: 79

C:\Program Files (x86)\Microchip\xc8\v1.38\sources\common\Umul16.c
		___wmul        		CODE           	1D7E	0000	36

C:\Program Files (x86)\Microchip\xc8\v1.38\sources\common\Umul16.c estimated size: 36

C:\Program Files (x86)\Microchip\xc8\v1.38\sources\common\ftmul.c
		___ftmul       		CODE           	163B	0000	212

C:\Program Files (x86)\Microchip\xc8\v1.38\sources\common\ftmul.c estimated size: 212

C:\Program Files (x86)\Microchip\xc8\v1.38\sources\common\ltoa.c
		_ltoa          		CODE           	1E18	0000	49
		_ultoa         		CODE           	1236	0000	148

C:\Program Files (x86)\Microchip\xc8\v1.38\sources\common\ltoa.c estimated size: 197

C:\Program Files (x86)\Microchip\xc8\v1.38\sources\common\ftdiv.c
		___ftdiv       		CODE           	1409	0000	185

C:\Program Files (x86)\Microchip\xc8\v1.38\sources\common\ftdiv.c estimated size: 185

mainDigitalClock.c
		_main          		CODE           	0032	0000	1008

mainDigitalClock.c estimated size: 1008

C:\Program Files (x86)\Microchip\xc8\v1.38\sources\common\lwdiv.c
		___lwdiv       		CODE           	1E82	0000	63

C:\Program Files (x86)\Microchip\xc8\v1.38\sources\common\lwdiv.c estimated size: 63

C:\Program Files (x86)\Microchip\xc8\v1.38\sources\common\Umul32.c
		___lmul        		CODE           	1EC0	0000	66

C:\Program Files (x86)\Microchip\xc8\v1.38\sources\common\Umul32.c estimated size: 66

config.c
		_config        		CODE           	1F4F	0000	83

config.c estimated size: 83

C:\Program Files (x86)\Microchip\xc8\v1.38\sources\common\lldiv.c
		___lldiv       		CODE           	104B	0000	97

C:\Program Files (x86)\Microchip\xc8\v1.38\sources\common\lldiv.c estimated size: 97

C:\Program Files (x86)\Microchip\xc8\v1.38\sources\common\aldiv.c
		___aldiv       		CODE           	11A7	0000	144

C:\Program Files (x86)\Microchip\xc8\v1.38\sources\common\aldiv.c estimated size: 144

tempReader.c
		_temperatureReader		CODE           	087E	0000	265

tempReader.c estimated size: 265

screenConfigMode.c
		_screenConfigurationMode		CODE           	0A8F	0000	268

screenConfigMode.c estimated size: 268

C:\Program Files (x86)\Microchip\xc8\v1.38\sources\common\fttol.c
		___fttol       		CODE           	1119	0000	143

C:\Program Files (x86)\Microchip\xc8\v1.38\sources\common\fttol.c estimated size: 143

shared
		__stringtab    		STRING         	0800	0000	7
		__initialization		CODE           	0015	0000	26

shared estimated size: 33

C:\Program Files (x86)\Microchip\xc8\v1.38\sources\common\lwtoft.c
		___lwtoft      		CODE           	1D28	0000	25

C:\Program Files (x86)\Microchip\xc8\v1.38\sources\common\lwtoft.c estimated size: 25

timeSettings.c
		_setTimeDisplayer		CODE           	0421	0000	650

timeSettings.c estimated size: 650

C:\Program Files (x86)\Microchip\xc8\v1.38\sources\common\ftadd.c
		___ftadd       		CODE           	0986	0000	266

C:\Program Files (x86)\Microchip\xc8\v1.38\sources\common\ftadd.c estimated size: 266

LCDdrive.c
		_LCD_clear     		CODE           	1E48	0000	59
		_LCD_cursor    		CODE           	1CE9	0000	20
		_LCD_display_float		CODE           	0B9A	0000	485
		_LCD_cursor_on 		CODE           	0876	0000	9
		_LCD_write     		CODE           	12C9	0000	160
		_LCD_cursor_off		CODE           	1001	0000	9
		_LCD_puts      		CODE           	1DC5	0000	42
		_LCD_putch     		CODE           	1D40	0000	30
		_LCD_putsc     		CODE           	1DEE	0000	43
		_LCD_initialise		CODE           	1368	0000	162

LCDdrive.c estimated size: 1019

humidityReader.c
		_humidityReader		CODE           	14C1	0000	186

humidityReader.c estimated size: 186

interruptMyISR.c
		_MyISR         		CODE           	1009	0000	67

interruptMyISR.c estimated size: 67

TMR1Delay.c
		_TMR1Delay     		CODE           	1DA1	0000	37

TMR1Delay.c estimated size: 37

alarmUpdate.c
		_updateSetAlarm		CODE           	157A	0000	194

alarmUpdate.c estimated size: 194

C:\Program Files (x86)\Microchip\xc8\v1.38\sources\common\ftge.c
		___ftge        		CODE           	1FA1	0000	96

C:\Program Files (x86)\Microchip\xc8\v1.38\sources\common\ftge.c estimated size: 96

